Resolving dependencies...
Downloading packages...
  _fe_analyzer_shared 61.0.0 (101.0.0 available)
  _flutterfire_internals 1.3.59 (1.3.72 available)
  analyzer 5.13.0 (13.1.0 available)
  analyzer_plugin 0.11.2 (0.14.10 available)
  app_links 7.0.0 (7.1.1 available)
  build 2.4.1 (4.0.6 available)
  build_config 1.1.2 (1.3.0 available)
  build_resolvers 2.4.2 (3.0.4 available)
  build_runner 2.4.13 (2.15.0 available)
  build_runner_core 7.3.2 (9.3.2 available)
  cli_util 0.4.2 (0.5.1 available)
  code_assets 1.0.0 (1.2.1 available)
  custom_lint_core 0.6.3 (0.8.2 available)
  dart_style 2.3.2 (3.1.9 available)
  dbus 0.7.12 (0.7.14 available)
  firebase_analytics 11.6.0 (12.4.2 available)
  firebase_analytics_platform_interface 4.4.3 (6.0.2 available)
  firebase_analytics_web 0.5.10+16 (0.6.1+8 available)
  firebase_auth 5.7.0 (6.5.2 available)
  firebase_auth_platform_interface 7.7.3 (9.0.2 available)
  firebase_auth_web 5.15.3 (6.2.2 available)
  firebase_core 3.15.2 (4.10.0 available)
  firebase_core_platform_interface 6.0.3 (7.0.1 available)
  firebase_core_web 2.24.1 (3.8.0 available)
  firebase_messaging 15.2.10 (16.3.0 available)
  firebase_messaging_platform_interface 4.6.10 (4.8.0 available)
  firebase_messaging_web 3.10.10 (4.2.0 available)
  flutter_launcher_icons 0.13.1 (0.14.4 available)
  flutter_plugin_android_lifecycle 2.0.34 (2.0.35 available)
  flutter_riverpod 2.6.1 (3.3.1 available)
  flutter_svg 2.2.4 (2.3.0 available)
  freezed_annotation 2.4.4 (3.1.0 available)
  functions_client 2.5.0 (2.6.0 available)
  go_router 17.2.3 (17.3.0 available)
  google_sign_in 6.2.2 (7.2.0 available)
  google_sign_in_android 6.2.1 (7.2.13 available)
  google_sign_in_ios 5.9.0 (6.3.0 available)
  google_sign_in_platform_interface 2.5.0 (3.1.0 available)
  google_sign_in_web 0.12.4+4 (1.1.3 available)
  gotrue 2.20.0 (2.21.0 available)
  hooks 1.0.3 (2.0.2 available)
  image 4.8.0 (4.9.1 available)
  image_picker_android 0.8.13+17 (0.8.13+19 available)
  js 0.6.7 (0.7.2 available)
  json_annotation 4.11.0 (4.12.0 available)
  lucide_icons_flutter 3.1.13 (3.1.14+2 available)
< matcher 0.12.18 (was 0.12.19) (0.12.20 available)
< meta 1.17.0 (was 1.18.0) (1.18.3 available)
  native_toolchain_c 0.17.6 (0.19.1 available)
  objective_c 9.3.0 (9.4.1 available)
  permission_handler 12.0.1 (12.0.3 available)
  permission_handler_apple 9.4.7 (9.4.9 available)
  qr 3.0.2 (4.0.0 available)
  riverpod 2.6.1 (3.2.1 available)
  riverpod_analyzer_utils 0.5.1 (0.5.10 available)
  riverpod_annotation 2.6.1 (4.0.2 available)
  riverpod_generator 2.4.0 (4.0.3 available)
  shared_preferences_android 2.4.23 (2.4.25 available)
  shelf_web_socket 2.0.1 (3.0.0 available)
  slang 4.14.0 (4.15.0 available)
  slang_flutter 4.14.0 (4.15.0 available)
  source_gen 1.5.0 (4.2.3 available)
  sqflite 2.4.2+1 (2.4.3 available)
  sqflite_android 2.4.2+3 (2.4.3 available)
  sqflite_common 2.5.6+1 (2.5.9 available)
  sqflite_darwin 2.4.2 (2.4.3 available)
  sqflite_platform_interface 2.4.0 (2.4.1 available)
  storage_client 2.5.2 (2.5.5 available)
  supabase 2.10.6 (2.12.1 available)
  supabase_flutter 2.12.4 (2.14.1 available)
  synchronized 3.4.0+1 (3.4.1 available)
< test_api 0.7.9 (was 0.7.11) (0.7.12 available)
  two_dimensional_scrollables 0.5.1 (0.5.2 available)
  url_launcher_android 6.3.29 (6.3.32 available)
  url_launcher_web 2.4.2 (2.4.3 available)
  vector_graphics 1.2.0 (1.2.2 available)
  vector_graphics_compiler 1.2.0 (1.2.5 available)
  vector_math 2.2.0 (2.4.0 available)
  win32 6.2.0 (6.3.0 available)
  xml 6.6.1 (7.0.1 available)
Changed 3 dependencies!
80 packages have newer versions incompatible with dependency constraints.
Try `flutter pub outdated` for more information.
00:00 +0: loading /app/test/widget_test.dart
00:00 +0: Aplikasi POS Mobile Compilation Smoke Test
00:00 +1: All tests passed!
